Welcome to the CBC MILP Solver 
Version: 2.10.3 
Build Date: Dec 15 2019 

command line - C:\Users\icduser\AppData\Local\Programs\Python\Python312\Lib\site-packages\pulp\apis\../solverdir/cbc/win/i64/cbc.exe C:\Users\icduser\AppData\Local\Temp\ea8ae6452b2a45289a2c65b8bbebb6d7-pulp.mps -sec 2 -timeMode elapsed -solve -printingOptions all -solution C:\Users\icduser\AppData\Local\Temp\ea8ae6452b2a45289a2c65b8bbebb6d7-pulp.sol (default strategy 1)
At line 2 NAME          MODEL
At line 3 ROWS
At line 2505 COLUMNS
At line 22814 RHS
At line 25315 BOUNDS
At line 28214 ENDATA
Problem MODEL has 2500 rows, 3194 columns and 13838 elements
Coin0008I MODEL read with 0 errors
seconds was changed from 1e+100 to 2
Option for timeMode changed from cpu to elapsed
Continuous objective value is 38.8889 - 0.29 seconds
Cgl0003I 0 fixed, 0 tightened bounds, 468 strengthened rows, 0 substitutions
Cgl0004I processed model has 2273 rows, 2967 columns (2727 integer (2727 of which binary)) and 13746 elements
Cbc0038I Initial state - 379 integers unsatisfied sum - 99.8025
Cbc0038I Pass   1: suminf.    0.00000 (0) obj. 5255.56 iterations 805
Cbc0038I Solution found of 5255.56
Cbc0038I Relaxing continuous gives 5255.56
Cbc0038I Before mini branch and bound, 2340 integers at bound fixed and 65 continuous
Cbc0038I Full problem 2273 rows 2967 columns, reduced to 270 rows 335 columns
Cbc0038I Mini branch and bound improved solution from 5255.56 to 2670.56 (0.52 seconds)
Cbc0038I Round again with cutoff of 2407.39
Cbc0038I Pass   2: suminf.   24.50905 (103) obj. 2407.39 iterations 283
Cbc0038I Pass   3: suminf.   19.69012 (75) obj. 2407.39 iterations 171
Cbc0038I Pass   4: suminf.   10.91235 (46) obj. 2407.39 iterations 97
Cbc0038I Pass   5: suminf.   10.13457 (44) obj. 2407.39 iterations 8
Cbc0038I Pass   6: suminf.    7.35679 (32) obj. 2407.39 iterations 48
Cbc0038I Pass   7: suminf.    6.69012 (29) obj. 2407.39 iterations 7
Cbc0038I Pass   8: suminf.    6.49136 (27) obj. 2407.39 iterations 80
Cbc0038I Pass   9: suminf.    6.49136 (32) obj. 2407.39 iterations 45
Cbc0038I Pass  10: suminf.    9.04691 (33) obj. 2407.39 iterations 114
Cbc0038I Pass  11: suminf.    8.71358 (33) obj. 2407.39 iterations 2
Cbc0038I Pass  12: suminf.    7.60247 (32) obj. 2407.39 iterations 134
Cbc0038I Pass  13: suminf.    7.26914 (32) obj. 2407.39 iterations 5
Cbc0038I Pass  14: suminf.    6.93580 (32) obj. 2407.39 iterations 35
Cbc0038I Pass  15: suminf.    8.49136 (31) obj. 2407.39 iterations 46
Cbc0038I Pass  16: suminf.    8.49136 (31) obj. 2407.39 iterations 0
Cbc0038I Pass  17: suminf.    7.26914 (32) obj. 2407.39 iterations 56
Cbc0038I Pass  18: suminf.    6.93580 (30) obj. 2407.39 iterations 28
Cbc0038I Pass  19: suminf.    6.93580 (30) obj. 2407.39 iterations 5
Cbc0038I Pass  20: suminf.   10.71358 (32) obj. 2407.39 iterations 143
Cbc0038I Pass  21: suminf.   10.04691 (32) obj. 2407.39 iterations 6
Cbc0038I Pass  22: suminf.    6.60247 (32) obj. 2407.39 iterations 43
Cbc0038I Pass  23: suminf.    9.93580 (33) obj. 2407.39 iterations 96
Cbc0038I Pass  24: suminf.    9.60247 (33) obj. 2407.39 iterations 10
Cbc0038I Pass  25: suminf.    6.60247 (32) obj. 2407.39 iterations 48
Cbc0038I Pass  26: suminf.    8.26914 (32) obj. 2407.39 iterations 41
Cbc0038I Pass  27: suminf.    7.82469 (32) obj. 2407.39 iterations 13
Cbc0038I Pass  28: suminf.    6.71358 (32) obj. 2407.39 iterations 33
Cbc0038I Pass  29: suminf.    8.93580 (31) obj. 2407.39 iterations 63
Cbc0038I Pass  30: suminf.    8.93580 (31) obj. 2407.39 iterations 8
Cbc0038I Pass  31: suminf.    6.93580 (32) obj. 2407.39 iterations 34
Cbc0038I No solution found this major pass
Cbc0038I Before mini branch and bound, 2330 integers at bound fixed and 91 continuous
Cbc0038I Full problem 2273 rows 2967 columns, reduced to 187 rows 210 columns
Cbc0038I Mini branch and bound did not improve solution (0.75 seconds)
Cbc0038I After 0.75 seconds - Feasibility pump exiting with objective of 2670.56 - took 0.39 seconds
Cbc0012I Integer solution of 2670.5556 found by feasibility pump after 0 iterations and 0 nodes (0.76 seconds)
Cbc0038I Full problem 2273 rows 2967 columns, reduced to 391 rows 501 columns
Cbc0031I 656 added rows had average density of 13.707317
Cbc0013I At root node, 656 cuts changed objective from 38.888889 to 177.77778 in 2 passes
Cbc0014I Cut generator 0 (Probing) - 0 row cuts average 0.0 elements, 1 column cuts (1 active)  in 0.017 seconds - new frequency is -100
Cbc0014I Cut generator 1 (Gomory) - 174 row cuts average 52.8 elements, 0 column cuts (0 active)  in 0.049 seconds - new frequency is 1
Cbc0014I Cut generator 2 (Knapsack) - 0 row cuts average 0.0 elements, 0 column cuts (0 active)  in 0.006 seconds - new frequency is -100
Cbc0014I Cut generator 3 (Clique) - 0 row cuts average 0.0 elements, 0 column cuts (0 active)  in 0.003 seconds - new frequency is -100
Cbc0014I Cut generator 4 (MixedIntegerRounding2) - 411 row cuts average 5.8 elements, 0 column cuts (0 active)  in 0.005 seconds - new frequency is 1
Cbc0014I Cut generator 5 (FlowCover) - 0 row cuts average 0.0 elements, 0 column cuts (0 active)  in 0.001 seconds - new frequency is -100
Cbc0014I Cut generator 6 (TwoMirCuts) - 526 row cuts average 36.2 elements, 0 column cuts (0 active)  in 0.059 seconds - new frequency is 1
Cbc0020I Exiting on maximum time
Cbc0005I Partial search - best objective 2670.5556 (best possible 177.77778), took 3834 iterations and 0 nodes (2.06 seconds)
Cbc0035I Maximum depth 0, 0 variables fixed on reduced cost
Cuts at root node changed objective from 38.8889 to 177.778
Probing was tried 2 times and created 1 cuts of which 0 were active after adding rounds of cuts (0.017 seconds)
Gomory was tried 2 times and created 174 cuts of which 0 were active after adding rounds of cuts (0.049 seconds)
Knapsack was tried 2 times and created 0 cuts of which 0 were active after adding rounds of cuts (0.006 seconds)
Clique was tried 2 times and created 0 cuts of which 0 were active after adding rounds of cuts (0.003 seconds)
MixedIntegerRounding2 was tried 2 times and created 411 cuts of which 0 were active after adding rounds of cuts (0.005 seconds)
FlowCover was tried 2 times and created 0 cuts of which 0 were active after adding rounds of cuts (0.001 seconds)
TwoMirCuts was tried 2 times and created 526 cuts of which 0 were active after adding rounds of cuts (0.059 seconds)
ZeroHalf was tried 1 times and created 0 cuts of which 0 were active after adding rounds of cuts (0.016 seconds)

Result - Stopped on time limit

Objective value:                2670.55555556
Lower bound:                    177.778
Gap:                            14.02
Enumerated nodes:               0
Total iterations:               3834
Time (CPU seconds):             2.11
Time (Wallclock seconds):       2.11

Option for printingOptions changed from normal to all
Total time (CPU seconds):       2.14   (Wallclock seconds):       2.14

